[2026-06-05T10:24:22Z] REJECTED: Unexpected field count: 25 (expected 26 for v1 or 24 for legacy) | RAW: 1,TELEMETRY,0,0.00,BOOT,BOOT,0.00,0.00,0.00,0,0,0,0,101325.00,24.80,11.40,0,35.333100,-117.803000,8,9.87,0.02,Boot,Boot,105
[2026-06-05T10:24:23Z] REJECTED: Unexpected field count: 25 (expected 26 for v1 or 24 for legacy) | RAW: 1,TELEMETRY,1,0.25,BOOT,BOOT,0.00,0.00,0.00,0,0,0,0,101325.00,24.80,11.40,0,35.333100,-117.803000,0.00,8,9.73,Boot,Boot,100
[2026-06-05T10:24:23Z] REJECTED: Unexpected field count: 25 (expected 26 for v1 or 24 for legacy) | RAW: TELEMETRY,2,0.50,BOOT,BOOT,0.00,0.00,0.00,0,0,0,0,101325.00,24.80,11.40,0,35.333100,-117.803000,0.00,8,9.72,0.01,Boot,Boot,103
[2026-06-05T10:24:24Z] REJECTED: Unexpected field count: 1 (expected 26 for v1 or 24 for legacy) | RAW: !!!CORRUPTED_PAYLOAD!!!
[2026-06-05T10:24:26Z] REJECTED: Unexpected field count: 25 (expected 26 for v1 or 24 for legacy) | RAW: 1,TELEMETRY,18,4.50,BOOT,BOOT,0.00,0.00,0.00,0,0,0,101325.00,24.80,11.40,4,35.333100,-117.803000,0.00,8,9.86,0.02,Boot,Boot,84
[2026-06-05T10:24:27Z] REJECTED: Checksum mismatch | RAW: 1,TELEMETRY,19,4.75,BOOT,BOOT,0.00,0.00,0.00,0,0,0,0,101325.00,24.80,11.40,4,35.333100,-117.803000,0.00,8,9.87,0.01,Boot,Boot,228
[2026-06-05T10:24:27Z] REJECTED: Unexpected field count: 25 (expected 26 for v1 or 24 for legacy) | RAW: 1,TELEMETRY,21,5.25HBOOT,BOOT,0.00,0.00,0.00,0,0,0,0,101325.00,24.80,11.40,5,35.333100,-117.803000,0.00,8,9.91,0.03,Boot,Boot,91
[2026-06-05T10:24:28Z] REJECTED: Checksum mismatch | RAW: 1,TELEMETRY,22,5.50,BOOT,BOOT,B.00,0.00,0.00,0,0,0,0,101325.00,24.80,11.40,5,35.333100,-117.803000,0.00,8,9.91,0.02,Boot,Boot,91
[2026-06-05T10:24:28Z] REJECTED: Unexpected field count: 25 (expected 26 for v1 or 24 for legacy) | RAW: 1,TELEMETRY,23,5.75,BOOT,BOOT,0.00,0.00,0.00,0<0,0,0,101325.00,24.80,11.40,5,35.333100,-117.803000,0.00,8,9.87,0.02,Boot,Boot,90
[2026-06-05T10:24:28Z] REJECTED: Unexpected field count: 25 (expected 26 for v1 or 24 for legacy) | RAW: 1,TELEMETRY,26,6.50,BOOT,BOOT,0.00,0.00,0.00,0,0,0,0,101325.00,24.80,11.40,6,35.333100,-117.803000,0.00,8,9.88,0.01,Boot,Boot$84
[2026-06-05T10:24:29Z] REJECTED: Checksum mismatch | RAW: 1,TELEMETRY,27,6.75,BOOT,BOOT,0.00,0.00,0.00,0,0,0,0,101325.00,24.80,11.40,6,35.3331`0,-117.803000,0.00,8,9.87,0.02,Boot,Boot,94
[2026-06-05T10:24:30Z] REJECTED: Unexpected field count: 25 (expected 26 for v1 or 24 for legacy) | RAW: 1,TELEMETRY,30,7.50,BOOT,BOOT,0.00,0.00,0.00,0,0,0,101325.00,24.80,11.40,7,35.333100,-117.803000,0.00,8,9.91,0.02,Boot,Boot,88
[2026-06-05T10:24:33Z] REJECTED: Unexpected field count: 26 (expected 26 for v1 or 24 for legacy) | RAW: #,TELEMETRY,42,10.50,BOOT,BOOT,0.00,0.00,0.00,1,0,0,0,101325.00,24.80,11.40,10,35.333100,-117.803000,0.00,8,9.87,0.02,Boot,Boot,91
[2026-06-05T10:24:35Z] REJECTED: Unexpected field count: 1 (expected 26 for v1 or 24 for legacy) | RAW: !!!CORRUPTED_PAYLOAD!!!
[2026-06-05T10:24:38Z] REJECTED: Unexpected field count: 1 (expected 26 for v1 or 24 for legacy) | RAW: !!!CORRUPTED_PAYLOAD!!!
[2026-06-05T10:24:38Z] REJECTED: Unexpected field count: 26 (expected 26 for v1 or 24 for legacy) | RAW: 1,T0LEMETRY,56,14.00,ASCENT,ASCENT,18.25,11.69,-0.05,1,0,0,0,101322.81,24.78,11.37,14,35.333106,-117.803006,18.25,8,9.74,0.02,Ascent,Ascent,73
[2026-06-05T10:24:40Z] REJECTED: Unexpected field count: 25 (expected 26 for v1 or 24 for legacy) | RAW: 1,TELEMETRY,64,16.00,ASCENT,ASCENT,37.73,-0.05,1,0,0,0,101320.47,24.76,11.33,16,35.333114,-117.803014,37.73,8,9.73,0.02,Ascent,Ascent,123
[2026-06-05T10:24:43Z] REJECTED: Checksum mismatch | RAW: 1,TELEMETRY,7.,18.25,ASCENT,ASCENT,46.15,1.00,-0.05,1,0,0,0,101319.46,24.75,11.29,18,35.333123,-117.803023,46.15,8,9.72,0.01,Ascent,Ascent,115
[2026-06-05T10:24:43Z] REJECTED: Unexpected field count: 25 (expected 26 for v1 or 24 for legacy) | RAW: 1,TELEMETRY,74,18.50,ASCENT,ASCENT,46.39,1.00,-0.05,1,0,0,0,101319.43,24.75,11.28,18,35.333124,-117.803024,46.39{8,9.86,0.02,Ascent,Ascent,122
[2026-06-05T10:24:44Z] REJECTED: Checksum mismatch | RAW: 1,TELEMETRY,78,19.50,ASCENT,ASCENT,47.38,1.00,-0.05,1,0,0,0,101319.31,24.75,11.26,19,35.333128,-117.803028,47.38,8,9.84,0.01,Ascent,Ascent,63
[2026-06-05T10:24:47Z] REJECTED: Unexpected field count: 26 (expected 26 for v1 or 24 for legacy) | RAW: 1,TELEMETQY,91,22.75,ASCENT,ASCENT,50.59,1.00,-0.05,1,0,0,0,101318.93,24.75,11.20,22,35.333141,-117.803041,50.59,8,9.82,0.03,Ascent,Ascent,119
[2026-06-05T10:24:48Z] REJECTED: Unexpected field count: 25 (expected 26 for v1 or 24 for legacy) | RAW: 1MTELEMETRY,94,23.50,ASCENT,ASCENT,51.33,1.00,-0.05,1,0,0,0,101318.84,24.75,11.18,23,35.333144,-117.803044,51.33,8,9.77,0.01,Ascent,Ascent,112
[2026-06-05T10:24:48Z] REJECTED: Unexpected field count: 1 (expected 26 for v1 or 24 for legacy) | RAW: !!!CORRUPTED_PAYLOAD!!!
[2026-06-05T10:24:49Z] REJECTED: Unexpected field count: 1 (expected 26 for v1 or 24 for legacy) | RAW: !!!CORRUPTED_PAYLOAD!!!
[2026-06-05T10:24:49Z] REJECTED: Unexpected field count: 25 (expected 26 for v1 or 24 for legacy) | RAW: 1,TELEMETRY,98,24.50,ASCENT,ASCENT,52.32,1.00,-0.05,1,0,0,101318.72,24.75,11.16,24,35.333148,-117.803048,52.32,8,9.83,0.03,Ascent,Ascent,114
[2026-06-05T10:24:49Z] REJECTED: Checksum mismatch | RAW: 1,TELEMETRY,99,24.75,ASCENT,ASCENT,52.57,1.00,-0.05,1,0,0,0,101318.69,24.75,11.16,24,35.333149,-117.803049,52.57,8,9.90,0.01,Ascent,Ascent,105
[2026-06-05T10:24:50Z] REJECTED: Unexpected field count: 25 (expected 26 for v1 or 24 for legacy) | RAW: 1,TELEMETRY,101<25.25,ASCENT,ASCENT,53.06,1.00,-0.05,1,0,0,0,101318.63,24.75,11.14,25,35.333151,-117.803051,53.06,8,9.80,0.03,Ascent,Ascent,64
[2026-06-05T10:24:50Z] REJECTED: Unexpected field count: 1 (expected 26 for v1 or 24 for legacy) | RAW: !!!CORRUPTED_PAYLOAD!!!
[2026-06-05T10:24:51Z] REJECTED: Unexpected field count: 26 (expected 26 for v1 or 24 for legacy) | RAW: 1,TEL$METRY,107,26.75,ASCENT,ASCENT,54.54,1.00,-0.05,1,0,0,0,101318.46,24.75,11.12,26,35.333157,-117.803057,54.54,8,9.86,0.02,Ascent,Ascent,69
[2026-06-05T10:24:53Z] REJECTED: Checksum mismatch | RAW: 1,TELEMETRY,113,28.25,ASCENT,ASCENT,56.02,1.00,-0.d5,1,0,0,0,101318.28,24.74,11.09,28,35.333163,-117.803063,56.02,8,9.87,0.03,Ascent,Ascent,70
[2026-06-05T10:24:54Z] REJECTED: Unexpected field count: 1 (expected 26 for v1 or 24 for legacy) | RAW: !!!CORRUPTED_PAYLOAD!!!
[2026-06-05T10:24:57Z] REJECTED: Checksum mismatch | RAW: 1,TELEMETRY,121,30.25,ASCENT,ASCENT,58.00,1.00,-0.05,1,0,0,0,101318&04,24.74,11.04,30,35.333171,-117.803071,58.00,8,9.77,0.03,Ascent,Ascent,75
[2026-06-05T10:24:57Z] REJECTED: Checksum mismatch | RAW: 1,TELEMETRY,122,30.50,ASCENT,ASCENT,0.25,1.0?,-0.05,1,0,0,0,101324.97,24.80,11.04,30,35.333172,-117.803072,0.25,8,9.84,0.01,Ascent,Ascent,74
[2026-06-05T10:24:58Z] REJECTED: Checksum mismatch | RAW: 1,TELEMETRY,124,31.00,ASCENT,ASCENT,0.74,1.00,-0.05,1,0,0,0,10j324.91,24.80,11.03,31,35.333174,-117.803074,0.74,8,9.83,0.02,Ascent,Ascent,76
[2026-06-05T10:24:58Z] REJECTED: Checksum mismatch | RAW: 1,TELEMETRY,125,31.25,ASCENT,ASCENT,0.99,1.00,-0.0x,1,0,0,0,101324.88,24.80,11.03,31,35.333175,-117.803075,0.99,8,9.74,0.03,Ascent,Ascent,75
[2026-06-05T10:24:58Z] REJECTED: Checksum mismatch | RAW: 1,TELEMETRY,12d,31.50,ASCENT,ASCENT,1.23,1.00,-0.05,1,0,0,0,101324.85,24.80,11.02,31,35.333176,-117.803076,1.23,8,9.91,0.03,Ascent,Ascent,77
[2026-06-05T10:25:01Z] REJECTED: Unexpected field count: 25 (expected 26 for v1 or 24 for legacy) | RAW: 1,TELEMETRY,138,34.50,ASCENT,ASCENT,4.20,1.00I-0.05,1,0,0,0,101324.50,24.80,10.96,34,35.333188,-117.803088,4.20,8,9.73,0.02,Ascent,Ascent,75
[2026-06-05T10:25:02Z] REJECTED: Unexpected field count: 26 (expected 26 for v1 or 24 for legacy) | RAW: 1,TELEiETRY,142,35.50,ASCENT,ASCENT,5.18,1.00,-0.05,1,0,0,0,101324.38,24.79,10.94,35,35.333192,-117.803092,5.18,8,9.84,0.01,Ascent,Ascent,71
[2026-06-05T10:25:03Z] REJECTED: Unexpected field count: 1 (expected 26 for v1 or 24 for legacy) | RAW: !!!CORRUPTED_PAYLOAD!!!
[2026-06-05T10:25:05Z] REJECTED: Unexpected field count: 25 (expected 26 for v1 or 24 for legacy) | RAW: 1,TELEMETRY,153,38.25,ASCENT4ASCENT,7.90,1.00,-0.05,1,0,0,0,101324.05,24.79,10.88,38,35.333203,-117.803103,7.90,8,9.84,0.03,Ascent,Ascent,70
[2026-06-05T10:25:06Z] REJECTED: Checksum mismatch | RAW: 1,TELEMETRY,155,38.75,ASCENT,ASCENT,8.39,1.00,-0.05,1,0,0,0,101323.99,24.79,10.88,38,35.333205,-117.803105,8.39,8,9.72,0.01,Ascent,AsHent,76
[2026-06-05T10:25:06Z] REJECTED: Checksum mismatch | RAW: 1,TELEMETRY,156,39.00,ASCENT,ASCENT,8.64,1.00,-0.05,1,0,0,0,101323.96,24.79,10.87,39,35.333206,-117.803106,8.64,8,9.90,0.03,Ascent,Ascent,196
[2026-06-05T10:25:06Z] REJECTED: Checksum mismatch | RAW: 1,TELEMETRY,157,39.25,ASCENT,ASCENT,8.89,1.00,-0.05,1,0,0,0,101323.93,24.79,10.87,39,35.333207,-117.8/3107,8.89,8,9.83,0.03,Ascent,Ascent,66
[2026-06-05T10:25:08Z] REJECTED: Checksum mismatch | RAW: 1,TELEMETRY,163,40.75,ASCENT,ASCENT,10.37,1.00,-0.05,1,0,0,0,101323.76,24.79,10.84,40,35.333213,-117.803113,10.37,8,9.88,0.02,Ascent,Ascent,58
[2026-06-05T10:25:08Z] REJECTED: Unexpected field count: 25 (expected 26 for v1 or 24 for legacy) | RAW: 1,TELEMETRY,165,ASCENT,ASCENT,10.86,1.00,-0.05,1,0,0,0,101323.70,24.79,10.83,41,35.333215,-117.803115,10.86,8,9.78,0.03,Ascent,Ascent,78
[2026-06-05T10:25:09Z] REJECTED: Unexpected field count: 1 (expected 26 for v1 or 24 for legacy) | RAW: !!!CORRUPTED_PAYLOAD!!!
[2026-06-05T10:25:09Z] REJECTED: Checksum mismatch | RAW: 1,TELEMETRY,168,42.00,ASCENT,ASCENT,11.60,1.00,-0.05,1,0,0,0,101323.61,24.79,10.81,42,35.333218,-117.803118,11.60,8,9.80,0.02,Ascent,Ascent,99
[2026-06-05T10:25:10Z] REJECTED: Unexpected field count: 1 (expected 26 for v1 or 24 for legacy) | RAW: !!!CORRUPTED_PAYLOAD!!!
[2026-06-05T10:25:10Z] REJECTED: Checksum mismatch | RAW: 1,TELEMETRY,173,43.25,ASCENT,ASCENT,12.84,1.00,-0.05,0,0,0,0,101323.46,24.79,10.79,43,35.333223,-117.803123,12.84,8,9.84,0.02,Ascent,Ascent,40
[2026-06-05T10:25:10Z] REJECTED: Unexpected field count: 1 (expected 26 for v1 or 24 for legacy) | RAW: !!!CORRUPTED_PAYLOAD!!!
[2026-06-05T10:25:13Z] REJECTED: Checksum mismatch | RAW: 1,TELEMETRY,183,45.75,ASCENT,ASCENT,15.31,1.00,-0.05,0,0,0,0,101323.16,24.78,10.73,45,35.333233,-117.803133,15.31,8,9.83,0.02,Ascent,Ascent,36
[2026-06-05T10:25:13Z] REJECTED: Checksum mismatch | RAW: 1,TELEMETRY,185,46.25,ASCENT,ASCENT,15.80,1.00,-0.05,0,0,0,0,101323.10,24.78,10.72,46,35.333235,-117.803135,15.80,8,9.82,0.01,Ascent,Ascent,161
[2026-06-05T10:25:14Z] REJECTED: Checksum mismatch | RAW: 1,TELEMETRY,186,46.50,ASCENT,ASCENT,16.05,1.00,-0.05,0,0,0,0,101323.07,24.78,10.72,46,35.333236,-117.803136,16.05,8,9.83,0.02,Ascent,Ascent,60
[2026-06-05T10:25:14Z] REJECTED: Checksum mismatch | RAW: 1,TELEMETRY,1?7,46.75,ASCENT,ASCENT,16.29,1.00,-0.05,0,0,0,0,101323.04,24.78,10.71,46,35.333237,-117.803137,16.29,8,9.83,0.03,Ascent,Ascent,77
[2026-06-05T10:25:15Z] REJECTED: Unexpected field count: 26 (expected 26 for v1 or 24 for legacy) | RAW: 1,T7LEMETRY,191,47.75,ASCENT,ASCENT,17.28,1.00,-0.05,0,0,0,0,101322.93,24.78,10.70,47,35.333241,-117.803141,17.28,8,9.85,0.01,Ascent,Ascent,64
[2026-06-05T10:25:16Z] REJECTED: Unexpected field count: 1 (expected 26 for v1 or 24 for legacy) | RAW: !!!CORRUPTED_PAYLOAD!!!
